app/(auth)/login.tsx(83,31): error TS2322: Type '"/(auth)/register"' is not assignable to type 'RelativePathString | ExternalPathString | "/modal" | `/modal?${string}` | `/modal#${string}` | "/_sitemap" | `/_sitemap?${string}` | `/_sitemap#${string}` | "/(tabs)" | "/(tabs)/explore" | ... 15 more ... | { ...; }'.
app/(auth)/register.tsx(37,61): error TS2345: Argument of type '"/(auth)/login"' is not assignable to parameter of type 'RelativePathString | ExternalPathString | "/modal" | `/modal?${string}` | `/modal#${string}` | "/_sitemap" | `/_sitemap?${string}` | `/_sitemap#${string}` | "/(tabs)" | "/(tabs)/explore" | ... 15 more ... | { ...; }'.
app/(auth)/register.tsx(97,31): error TS2322: Type '"/(auth)/login"' is not assignable to type 'RelativePathString | ExternalPathString | "/modal" | `/modal?${string}` | `/modal#${string}` | "/_sitemap" | `/_sitemap?${string}` | `/_sitemap#${string}` | "/(tabs)" | "/(tabs)/explore" | ... 15 more ... | { ...; }'.
app/(tabs)/index.tsx(134,38): error TS2345: Argument of type '"/workout"' is not assignable to parameter of type 'RelativePathString | ExternalPathString | "/modal" | `/modal?${string}` | `/modal#${string}` | "/_sitemap" | `/_sitemap?${string}` | `/_sitemap#${string}` | "/(tabs)" | "/(tabs)/explore" | ... 15 more ... | { ...; }'.
app/workout.tsx(140,25): error TS2322: Type '"/workout-summary"' is not assignable to type 'RelativePathString | ExternalPathString | "/modal" | "/_sitemap" | "/(tabs)" | "/(tabs)/explore" | "/explore" | "/"'.
services/LocationService.ts(18,50): error TS2345: Argument of type '({ data, error }: any) => void' is not assignable to parameter of type 'TaskManagerTaskExecutor<unknown>'.
  Type 'void' is not assignable to type 'Promise<any>'.
services/StreakService.ts(110,93): error TS2551: Property 'catch' does not exist on type 'PostgrestFilterBuilder<any, any, any, any, "increment_rp", null, "RPC">'. Did you mean 'match'?
